// Jest Snapshot v1, https://goo.gl/fbAQLP

exports[`should render correctly 1`] = `
<div
  className="modal-window with-hole abc"
>
  <div
    className="modal-background"
    style={
      {
        "top": "calc(100% - 10px)",
      }
    }
  />
  <div
    className="modal-background"
    style={
      {
        "bottom": "calc(100% - 10px)",
      }
    }
  />
  <div
    className="modal-background"
    style={
      {
        "left": "calc(100% - 20px)",
      }
    }
  />
  <div
    className="modal-background"
    style={
      {
        "right": "calc(100% - 20px)",
      }
    }
  />
  <div
    className="modal-body"
  />
</div>
`;
