// Jest Snapshot v1, https://goo.gl/fbAQLP

exports[`test PathInput should render correctly 1`] = `
<div>
  <div
    class="path-input with-error"
  >
    <input
      id="location-input"
      type="text"
      value="defaultFolder"
    />
    <div
      class="dialog-btn"
      title="Choose Folder"
    >
      <img
        src="img/right-panel/icon-import.svg"
      />
    </div>
  </div>
</div>
`;

exports[`test PathInput should render correctly 2`] = `
<div>
  <div
    class="path-input with-error"
  >
    <input
      id="location-input"
      type="text"
      value="defaultFolder"
    />
    <div
      class="dialog-btn"
      title="Choose Folder"
    >
      <img
        src="img/right-panel/icon-import.svg"
      />
    </div>
  </div>
</div>
`;

exports[`test PathInput should render correctly 3`] = `
<div>
  <div
    class="path-input with-error"
  >
    <input
      id="location-input"
      type="text"
      value="defaultFolder"
    />
    <div
      class="dialog-btn"
      title="Choose Folder"
    >
      <img
        src="img/right-panel/icon-import.svg"
      />
    </div>
  </div>
</div>
`;
