// Jest Snapshot v1, https://goo.gl/fbAQLP

exports[`test update dialog should render correctly 1`] = `
<View
  className={
    Object {
      "modal-update": true,
      "shadow-modal": true,
    }
  }
  content={
    <div
      className="update-wrapper"
    >
      <h2
        className="caption"
      >
        A Firmware Update to the machine is available
      </h2>
      <article
        className="update-brief"
      >
        <p>
          "flux" is now ready for firmware update.
        </p>
        <p>
          Beamo Firmware v1.0.1 is now available - You have v1.0.0.
        </p>
      </article>
      <h4
        className="release-note-caption"
      >
        Release Note:
      </h4>
      <div
        className="release-note-content"
        dangerouslySetInnerHTML={
          Object {
            "__html": "fix bugs",
          }
        }
      />
      <div
        className="action-button"
      >
        <ButtonGroup
          buttons={
            Array [
              Object {
                "dataAttrs": Object {
                  "ga-event": "update-firmware-later",
                },
                "label": "LATER",
                "onClick": [MockFunction],
              },
              Object {
                "dataAttrs": Object {
                  "ga-event": "download-firmware-later",
                },
                "label": "ONLINE UPDATE",
                "onClick": [Function],
              },
              Object {
                "className": "btn-default primary",
                "dataAttrs": Object {
                  "ga-event": "install-new-firmware",
                },
                "label": "UPLOAD",
                "onClick": [Function],
              },
            ]
          }
        />
      </div>
    </div>
  }
/>
`;
