// Jest Snapshot v1, https://goo.gl/fbAQLP

exports[`should render correctly 1`] = `
<div>
  <div
    class="subtitle"
  >
    Camera
  </div>
  <mock-control
    label="Preview Movement Speed"
  >
    <div>
      mock-unit-input id:
      preview-input
      unit:
      in/s
      min:
      3
      max:
      300
      defaultValue:
      1
      forceUsePropsUnit:
      false
      className:
      {"half":true}
      <input
        class="unit-input"
      />
    </div>
  </mock-control>
  <mock-control
    label="Preview Movement Speed (Diode Laser Enabled)"
  >
    <div>
      mock-unit-input id:
      diode-preview-input
      unit:
      mm/s
      min:
      3
      max:
      300
      defaultValue:
      1
      forceUsePropsUnit:
      false
      className:
      {"half":true}
      <input
        class="unit-input"
      />
    </div>
  </mock-control>
  <div>
    mock-select-control id:
    set-enable-custom-preview-height
    label:
    url:
    options:
    [{"value":"TRUE","label":"On","selected":false},{"value":"FALSE","label":"Off","selected":true}]
    <input
      class="select-control"
    />
  </div>
</div>
`;
