// Jest Snapshot v1, https://goo.gl/fbAQLP

exports[`should render correctly in non-preview mode and is web version 1`] = `
<div
  className="common-tools-container"
>
  <img
    draggable="false"
    onClick={[Function]}
    src="img/left-bar/icon-cursor.svg"
    title="Undo"
  />
  <img
    draggable="false"
    onClick={[Function]}
    src="img/left-bar/icon-cursor.svg"
    style={
      Object {
        "transform": "scaleX(-1)",
      }
    }
    title="Redo"
  />
  <img
    draggable="false"
    onClick={[Function]}
    src="img/left-bar/icon-trash.svg"
  />
</div>
`;

exports[`should render correctly in preview mode 1`] = `""`;

exports[`should render correctly is not web version 1`] = `""`;
