// Jest Snapshot v1, https://goo.gl/fbAQLP

exports[`should render correctly 1`] = `
<View
  className={
    {
      "initialization": true,
    }
  }
  content={
    <div
      className="home text-center"
    >
      <img
        className="brand-image"
        src="img/menu/main_logo.svg"
      />
      <div>
        <h1
          className="headline"
        >
          Select Language
        </h1>
        <div
          className="language"
        >
          <Select
            id="select-lang"
            onChange={[Function]}
            options={
              [
                {
                  "label": "Deutsch",
                  "selected": false,
                  "value": "de",
                },
                {
                  "label": "English",
                  "selected": true,
                  "value": "en",
                },
                {
                  "label": "Español",
                  "selected": false,
                  "value": "es",
                },
                {
                  "label": "繁體中文",
                  "selected": false,
                  "value": "zh-tw",
                },
                {
                  "label": "日本語",
                  "selected": false,
                  "value": "ja",
                },
                {
                  "label": "한국어",
                  "selected": false,
                  "value": "kr",
                },
                {
                  "label": "简体中文",
                  "selected": false,
                  "value": "zh-cn",
                },
                {
                  "label": "Français",
                  "selected": false,
                  "value": "fr",
                },
                {
                  "label": "Nederlands",
                  "selected": false,
                  "value": "nl",
                },
              ]
            }
          />
        </div>
        <div>
          <a
            className="btn btn-action btn-large"
            href="#initialize/connect/flux-id-login"
          >
            Next
          </a>
        </div>
      </div>
    </div>
  }
/>
`;
