// Jest Snapshot v1, https://goo.gl/fbAQLP

exports[`test Rotation should render correctly on desktop 1`] = `
<div>
  <div
    class="dimension"
  >
    <div
      class="label img"
    >
      <svgr-url />
    </div>
    <div
      class="input"
    >
      <div
        class="ant-input-number css-dev-only-do-not-override-hash input"
      >
        <div
          class="ant-input-number-input-wrap"
        >
          <input
            aria-valuenow="0"
            autocomplete="off"
            class="ant-input-number-input"
            id="rotate"
            role="spinbutton"
            step="1"
            value="0"
          />
        </div>
      </div>
      <span
        class="unit"
      >
        deg
      </span>
    </div>
  </div>
</div>
`;

exports[`test Rotation should render correctly on mobile 1`] = `
<div>
  <div
    id="rotate"
  >
    rotate
    <div>
      0
    </div>
    <button
      type="button"
    />
  </div>
</div>
`;
