// Jest Snapshot v1, https://goo.gl/fbAQLP

exports[`test Progress should render correctly 1`] = `
<body>
  <div />
  <div>
    <div
      class="ant-modal-root css-dev-only-do-not-override-hash"
    >
      <div
        class="ant-modal-mask"
      />
      <div
        class="ant-modal-wrap ant-modal-centered"
        tabindex="-1"
      >
        <div
          aria-labelledby="test-id"
          aria-modal="true"
          class="ant-modal css-dev-only-do-not-override-hash ant-zoom-appear ant-zoom-appear-prepare ant-zoom"
          role="dialog"
          style="min-width: 520px; width: 520px;"
        >
          <div
            aria-hidden="true"
            style="width: 0px; height: 0px; overflow: hidden; outline: none;"
            tabindex="0"
          />
          <div
            class="ant-modal-content"
          >
            <div
              class="ant-modal-header"
            >
              <div
                class="ant-modal-title"
                id="test-id"
              >
                Hello World
              </div>
            </div>
            <div
              class="ant-modal-body"
            >
              <div
                class="message"
              >
                message
              </div>
              <div
                class="ant-progress ant-progress-line ant-progress-status-active ant-progress-show-info ant-progress-default css-dev-only-do-not-override-hash"
                role="progressbar"
              >
                <div
                  class="ant-progress-outer"
                  style="width: 100%; height: 8px;"
                >
                  <div
                    class="ant-progress-inner"
                  >
                    <div
                      class="ant-progress-bg"
                      style="width: 0%; height: 8px;"
                    />
                  </div>
                </div>
                <span
                  class="ant-progress-text"
                  title="0%"
                >
                  0%
                </span>
              </div>
            </div>
            <div
              class="ant-modal-footer"
            >
              <button
                class="ant-btn css-dev-only-do-not-override-hash ant-btn-default"
                type="button"
              >
                <span>
                  Cancel
                </span>
              </button>
              <button
                class="ant-btn css-dev-only-do-not-override-hash ant-btn-primary"
                style="display: none;"
                type="button"
              >
                <span>
                  OK
                </span>
              </button>
            </div>
          </div>
          <div
            aria-hidden="true"
            style="width: 0px; height: 0px; overflow: hidden; outline: none;"
            tabindex="0"
          />
        </div>
      </div>
    </div>
  </div>
</body>
`;
