// Jest Snapshot v1, https://goo.gl/fbAQLP

exports[`test Prompt should render correctly 1`] = `
<div>
  <div>
    Dummy Modal
    <button
      type="button"
    >
      ok
    </button>
    <button
      type="button"
    >
      cancel
    </button>
    <p>
      props: 
      {"open":true,"title":"New Preset Name","centered":true,"okText":"OK","cancelText":"Cancel"}
    </p>
    <p />
    <div>
      <div>
        Dummy Input
        <p>
          props: 
          {"autoFocus":true,"className":"text-input","type":"text","defaultValue":""}
        </p>
        <input
          type="text"
        />
      </div>
    </div>
  </div>
</div>
`;
