// Jest Snapshot v1, https://goo.gl/fbAQLP

exports[`test textPathEdit test one finger touchEvents 1`] = `
<Workarea>
  <div
    id="workarea"
    style={
      {
        "height": 100,
        "width": 100,
      }
    }
  >
    <div
      id="svgcanvas"
      style={
        {
          "height": 300,
          "width": 300,
        }
      }
    >
      <svg
        viewBox="0 0 100 100"
      />
    </div>
  </div>
</Workarea>
`;

exports[`test textPathEdit test two finger touch 1`] = `
<Workarea>
  <div
    id="workarea"
    style={
      {
        "height": 100,
        "width": 100,
      }
    }
  >
    <div
      id="svgcanvas"
      style={
        {
          "height": 300,
          "width": 300,
        }
      }
    >
      <svg
        viewBox="0 0 100 100"
      />
    </div>
  </div>
</Workarea>
`;

exports[`test textPathEdit test two finger touch 2`] = `
<Workarea>
  <div
    id="workarea"
    style={
      {
        "height": 100,
        "width": 100,
      }
    }
  >
    <div
      id="svgcanvas"
      style={
        {
          "height": 300,
          "width": 300,
        }
      }
    >
      <svg
        viewBox="0 0 100 100"
      />
    </div>
  </div>
</Workarea>
`;
