// Jest Snapshot v1, https://goo.gl/fbAQLP

exports[`should render correctly ellipse 1`] = `
<div>
  <div
    class="panel"
  >
    <div
      class="title"
    >
      ACTIONS
    </div>
    <div
      class="btns-container"
    >
      <div
        class="btn-container"
      >
        <button
          class="ant-btn css-dev-only-do-not-override-hash ant-btn-default ant-btn-color-default ant-btn-variant-outlined ant-btn-block btn"
          id="auto-fit"
          type="button"
        >
          <span
            class="ant-btn-icon"
          >
            <svgr-url />
          </span>
          <span
            class="label"
          >
            auto_fit (Beta)
          </span>
        </button>
      </div>
      <div
        class="btn-container"
      >
        <button
          class="ant-btn css-dev-only-do-not-override-hash ant-btn-default ant-btn-color-default ant-btn-variant-outlined ant-btn-block btn"
          id="convert_to_path"
          type="button"
        >
          <span
            class="ant-btn-icon"
          >
            <svgr-url />
          </span>
          <span
            class="label"
          >
            convert_to_path
          </span>
        </button>
      </div>
      <div
        class="btn-container"
      >
        <button
          class="ant-btn css-dev-only-do-not-override-hash ant-btn-default ant-btn-color-default ant-btn-variant-outlined ant-btn-block btn"
          id="smart-nest"
          type="button"
        >
          <span
            class="ant-btn-icon"
          >
            <svgr-url />
          </span>
          <span
            class="label"
          >
            smart_nest
          </span>
        </button>
      </div>
      <div
        class="btn-container half"
      >
        <button
          class="ant-btn css-dev-only-do-not-override-hash ant-btn-default ant-btn-color-default ant-btn-variant-outlined ant-btn-block btn"
          id="offset"
          type="button"
        >
          <span
            class="ant-btn-icon"
          >
            <svgr-url />
          </span>
          <span
            class="label"
          >
            offset
          </span>
        </button>
      </div>
      <div
        class="btn-container half"
      >
        <button
          class="ant-btn css-dev-only-do-not-override-hash ant-btn-default ant-btn-color-default ant-btn-variant-outlined ant-btn-block btn"
          id="array"
          type="button"
        >
          <span
            class="ant-btn-icon"
          >
            <svgr-url />
          </span>
          <span
            class="label"
          >
            array
          </span>
        </button>
      </div>
    </div>
  </div>
</div>
`;

exports[`should render correctly g multiple selection 1`] = `
<div>
  <div
    class="panel"
  >
    <div
      class="title"
    >
      ACTIONS
    </div>
    <div
      class="btns-container"
    >
      <div
        class="btn-container"
      >
        <button
          class="ant-btn css-dev-only-do-not-override-hash ant-btn-default ant-btn-color-default ant-btn-variant-outlined ant-btn-block btn"
          id="auto-fit"
          type="button"
        >
          <span
            class="ant-btn-icon"
          >
            <svgr-url />
          </span>
          <span
            class="label"
          >
            auto_fit (Beta)
          </span>
        </button>
      </div>
      <div
        class="btn-container"
      >
        <button
          class="ant-btn css-dev-only-do-not-override-hash ant-btn-default ant-btn-color-default ant-btn-variant-outlined ant-btn-block btn"
          id="smart-nest"
          type="button"
        >
          <span
            class="ant-btn-icon"
          >
            <svgr-url />
          </span>
          <span
            class="label"
          >
            smart_nest
          </span>
        </button>
      </div>
      <div
        class="btn-container half"
      >
        <button
          class="ant-btn css-dev-only-do-not-override-hash ant-btn-default ant-btn-color-default ant-btn-variant-outlined ant-btn-block btn"
          id="offset"
          type="button"
        >
          <span
            class="ant-btn-icon"
          >
            <svgr-url />
          </span>
          <span
            class="label"
          >
            offset
          </span>
        </button>
      </div>
      <div
        class="btn-container half"
      >
        <button
          class="ant-btn css-dev-only-do-not-override-hash ant-btn-default ant-btn-color-default ant-btn-variant-outlined ant-btn-block btn"
          id="array"
          type="button"
        >
          <span
            class="ant-btn-icon"
          >
            <svgr-url />
          </span>
          <span
            class="label"
          >
            array
          </span>
        </button>
      </div>
    </div>
  </div>
</div>
`;

exports[`should render correctly g single selection 1`] = `
<div>
  <div
    class="panel"
  >
    <div
      class="title"
    >
      ACTIONS
    </div>
    <div
      class="btns-container"
    >
      <div
        class="btn-container"
      >
        <button
          class="ant-btn css-dev-only-do-not-override-hash ant-btn-default ant-btn-color-default ant-btn-variant-outlined ant-btn-block btn"
          id="auto-fit"
          type="button"
        >
          <span
            class="ant-btn-icon"
          >
            <svgr-url />
          </span>
          <span
            class="label"
          >
            auto_fit (Beta)
          </span>
        </button>
      </div>
      <div
        class="btn-container"
      >
        <button
          class="ant-btn css-dev-only-do-not-override-hash ant-btn-default ant-btn-color-default ant-btn-variant-outlined ant-btn-block btn"
          id="smart-nest"
          type="button"
        >
          <span
            class="ant-btn-icon"
          >
            <svgr-url />
          </span>
          <span
            class="label"
          >
            smart_nest
          </span>
        </button>
      </div>
      <div
        class="btn-container"
      >
        <button
          class="ant-btn css-dev-only-do-not-override-hash ant-btn-default ant-btn-color-default ant-btn-variant-outlined ant-btn-block btn"
          id="array"
          type="button"
        >
          <span
            class="ant-btn-icon"
          >
            <svgr-url />
          </span>
          <span
            class="label"
          >
            array
          </span>
        </button>
      </div>
    </div>
  </div>
</div>
`;

exports[`should render correctly image 1`] = `
<div>
  <div
    class="panel"
  >
    <div
      class="title"
    >
      ACTIONS
    </div>
    <div
      class="btns-container"
    >
      <div
        class="btn-container"
      >
        <button
          class="ant-btn css-dev-only-do-not-override-hash ant-btn-default ant-btn-color-default ant-btn-variant-outlined ant-btn-block btn"
          id="auto-fit"
          type="button"
        >
          <span
            class="ant-btn-icon"
          >
            <svgr-url />
          </span>
          <span
            class="label"
          >
            auto_fit (Beta)
          </span>
        </button>
      </div>
      <div
        class="btn-container"
      >
        <button
          class="ant-btn css-dev-only-do-not-override-hash ant-btn-default ant-btn-color-default ant-btn-variant-outlined ant-btn-block btn"
          id="replace_with"
          type="button"
        >
          <span
            class="ant-btn-icon"
          >
            <svgr-url />
          </span>
          <span
            class="label"
          >
            replace_with
          </span>
        </button>
      </div>
      <div
        class="btn-container"
      >
        <button
          class="ant-btn css-dev-only-do-not-override-hash ant-btn-default ant-btn-color-default ant-btn-variant-outlined ant-btn-block btn"
          id="bg-removal"
          type="button"
        >
          <span
            class="ant-btn-icon"
          >
            <svgr-url />
          </span>
          <span
            class="label"
          >
            ai_bg_removal
          </span>
        </button>
      </div>
      <div
        class="btn-container"
      >
        <button
          class="ant-btn css-dev-only-do-not-override-hash ant-btn-default ant-btn-color-default ant-btn-variant-outlined ant-btn-block btn"
          id="smart-nest"
          type="button"
        >
          <span
            class="ant-btn-icon"
          >
            <svgr-url />
          </span>
          <span
            class="label"
          >
            smart_nest
          </span>
        </button>
      </div>
      <div
        class="btn-container half"
      >
        <button
          class="ant-btn css-dev-only-do-not-override-hash ant-btn-default ant-btn-color-default ant-btn-variant-outlined ant-btn-block btn"
          id="trace"
          type="button"
        >
          <span
            class="ant-btn-icon"
          >
            <svgr-url />
          </span>
          <span
            class="label"
          >
            trace
          </span>
        </button>
      </div>
      <div
        class="btn-container half"
      >
        <button
          class="ant-btn css-dev-only-do-not-override-hash ant-btn-default ant-btn-color-default ant-btn-variant-outlined ant-btn-block btn"
          id="grading"
          type="button"
        >
          <span
            class="ant-btn-icon"
          >
            <svgr-url />
          </span>
          <span
            class="label"
          >
            grading
          </span>
        </button>
      </div>
      <div
        class="btn-container half"
      >
        <button
          class="ant-btn css-dev-only-do-not-override-hash ant-btn-default ant-btn-color-default ant-btn-variant-outlined ant-btn-block btn"
          id="sharpen"
          type="button"
        >
          <span
            class="ant-btn-icon"
          >
            <svgr-url />
          </span>
          <span
            class="label"
          >
            sharpen
          </span>
        </button>
      </div>
      <div
        class="btn-container half"
      >
        <button
          class="ant-btn css-dev-only-do-not-override-hash ant-btn-default ant-btn-color-default ant-btn-variant-outlined ant-btn-block btn"
          id="crop"
          type="button"
        >
          <span
            class="ant-btn-icon"
          >
            <svgr-url />
          </span>
          <span
            class="label"
          >
            crop
          </span>
        </button>
      </div>
      <div
        class="btn-container half"
      >
        <button
          class="ant-btn css-dev-only-do-not-override-hash ant-btn-default ant-btn-color-default ant-btn-variant-outlined ant-btn-block btn"
          id="bevel"
          type="button"
        >
          <span
            class="ant-btn-icon"
          >
            <svgr-url />
          </span>
          <span
            class="label"
          >
            bevel
          </span>
        </button>
      </div>
      <div
        class="btn-container half"
      >
        <button
          class="ant-btn css-dev-only-do-not-override-hash ant-btn-default ant-btn-color-default ant-btn-variant-outlined ant-btn-block btn"
          id="invert"
          type="button"
        >
          <span
            class="ant-btn-icon"
          >
            <svgr-url />
          </span>
          <span
            class="label"
          >
            invert
          </span>
        </button>
      </div>
      <div
        class="btn-container half"
      >
        <button
          class="ant-btn css-dev-only-do-not-override-hash ant-btn-default ant-btn-color-default ant-btn-variant-outlined ant-btn-block btn"
          id="array"
          type="button"
        >
          <span
            class="ant-btn-icon"
          >
            <svgr-url />
          </span>
          <span
            class="label"
          >
            array
          </span>
        </button>
      </div>
      <div
        class="btn-container half"
      >
        <button
          class="ant-btn css-dev-only-do-not-override-hash ant-btn-default ant-btn-color-default ant-btn-variant-outlined ant-btn-block btn"
          id="potrace"
          type="button"
        >
          <span
            class="ant-btn-icon"
          >
            <svgr-url />
          </span>
          <span
            class="label"
          >
            outline
          </span>
        </button>
      </div>
      <div
        class="btn-container"
      >
        <button
          class="ant-btn css-dev-only-do-not-override-hash ant-btn-default ant-btn-color-default ant-btn-variant-outlined ant-btn-block btn"
          id="trapezoid"
          type="button"
        >
          <span
            class="ant-btn-icon"
          >
            <svgr-url />
          </span>
          <span
            class="label"
          >
            rotary_warped
          </span>
        </button>
      </div>
    </div>
  </div>
</div>
`;

exports[`should render correctly in mobile ellipse 1`] = `
<div>
  <div
    class="container"
  >
    <div
      class="adm-divider adm-divider-vertical adm-divider-center divider"
    />
    <div
      class="object-panel-item"
      id="auto-fit"
    >
      <div
        class="main"
      >
        <svgr-url />
      </div>
      <div
        class="label"
      >
        auto_fit (Beta)
      </div>
    </div>
    <div
      class="object-panel-item"
      id="convert_to_path"
    >
      <div
        class="main"
      >
        <svgr-url />
      </div>
      <div
        class="label"
      >
        outline
      </div>
    </div>
    <div
      class="object-panel-item"
      id="smart-nest"
    >
      <div
        class="main"
      >
        <svgr-url />
      </div>
      <div
        class="label"
      >
        smart_nest
      </div>
    </div>
    <div
      class="object-panel-item"
      id="offset"
    >
      <div
        class="main"
      >
        <svgr-url />
      </div>
      <div
        class="label"
      >
        offset
      </div>
    </div>
    <div
      class="object-panel-item"
      id="array"
    >
      <div
        class="main"
      >
        <svgr-url />
      </div>
      <div
        class="label"
      >
        array
      </div>
    </div>
  </div>
</div>
`;

exports[`should render correctly in mobile g multiple selection 1`] = `
<div>
  <div
    class="container"
  >
    <div
      class="adm-divider adm-divider-vertical adm-divider-center divider"
    />
    <div
      class="object-panel-item"
      id="auto-fit"
    >
      <div
        class="main"
      >
        <svgr-url />
      </div>
      <div
        class="label"
      >
        auto_fit (Beta)
      </div>
    </div>
    <div
      class="object-panel-item"
      id="smart-nest"
    >
      <div
        class="main"
      >
        <svgr-url />
      </div>
      <div
        class="label"
      >
        smart_nest
      </div>
    </div>
    <div
      class="object-panel-item"
      id="offset"
    >
      <div
        class="main"
      >
        <svgr-url />
      </div>
      <div
        class="label"
      >
        offset
      </div>
    </div>
    <div
      class="object-panel-item"
      id="array"
    >
      <div
        class="main"
      >
        <svgr-url />
      </div>
      <div
        class="label"
      >
        array
      </div>
    </div>
  </div>
</div>
`;

exports[`should render correctly in mobile g single selection 1`] = `
<div>
  <div
    class="container"
  >
    <div
      class="adm-divider adm-divider-vertical adm-divider-center divider"
    />
    <div
      class="object-panel-item"
      id="auto-fit"
    >
      <div
        class="main"
      >
        <svgr-url />
      </div>
      <div
        class="label"
      >
        auto_fit (Beta)
      </div>
    </div>
    <div
      class="object-panel-item"
      id="smart-nest"
    >
      <div
        class="main"
      >
        <svgr-url />
      </div>
      <div
        class="label"
      >
        smart_nest
      </div>
    </div>
    <div
      class="object-panel-item"
      id="array"
    >
      <div
        class="main"
      >
        <svgr-url />
      </div>
      <div
        class="label"
      >
        array
      </div>
    </div>
  </div>
</div>
`;

exports[`should render correctly in mobile image 1`] = `
<div>
  <div
    class="container"
  >
    <div
      class="adm-divider adm-divider-vertical adm-divider-center divider"
    />
    <div
      class="object-panel-item"
      id="auto-fit"
    >
      <div
        class="main"
      >
        <svgr-url />
      </div>
      <div
        class="label"
      >
        auto_fit (Beta)
      </div>
    </div>
    <div
      class="object-panel-item"
      id="replace_with"
    >
      <div
        class="main"
      >
        <svgr-url />
      </div>
      <div
        class="label"
      >
        replace_with_short
      </div>
    </div>
    <div
      class="object-panel-item"
      id="potrace"
    >
      <div
        class="main"
      >
        <svgr-url />
      </div>
      <div
        class="label"
      >
        outline
      </div>
    </div>
    <div
      class="object-panel-item"
      id="grading"
    >
      <div
        class="main"
      >
        <svgr-url />
      </div>
      <div
        class="label"
      >
        brightness
      </div>
    </div>
    <div
      class="object-panel-item"
      id="sharpen"
    >
      <div
        class="main"
      >
        <svgr-url />
      </div>
      <div
        class="label"
      >
        sharpen
      </div>
    </div>
    <div
      class="object-panel-item"
      id="crop"
    >
      <div
        class="main"
      >
        <svgr-url />
      </div>
      <div
        class="label"
      >
        crop
      </div>
    </div>
    <div
      class="object-panel-item"
      id="bevel"
    >
      <div
        class="main"
      >
        <svgr-url />
      </div>
      <div
        class="label"
      >
        bevel
      </div>
    </div>
    <div
      class="object-panel-item"
      id="invert"
    >
      <div
        class="main"
      >
        <svgr-url />
      </div>
      <div
        class="label"
      >
        invert
      </div>
    </div>
    <div
      class="object-panel-item"
      id="array"
    >
      <div
        class="main"
      >
        <svgr-url />
      </div>
      <div
        class="label"
      >
        array
      </div>
    </div>
    <div
      class="object-panel-item"
      id="trace"
    >
      <div
        class="main"
      >
        <svgr-url />
      </div>
      <div
        class="label"
      >
        trace
      </div>
    </div>
    <div
      class="object-panel-item"
      id="bg-removal"
    >
      <div
        class="main"
      >
        <svgr-url />
      </div>
      <div
        class="label"
      >
        ai_bg_removal_short
      </div>
    </div>
    <div
      class="object-panel-item"
      id="smart-nest"
    >
      <div
        class="main"
      >
        <svgr-url />
      </div>
      <div
        class="label"
      >
        smart_nest
      </div>
    </div>
    <div
      class="object-panel-item"
      id="trapezoid"
    >
      <div
        class="main"
      >
        <svgr-url />
      </div>
      <div
        class="label"
      >
        rotary_warped
      </div>
    </div>
  </div>
</div>
`;

exports[`should render correctly in mobile line 1`] = `
<div>
  <div
    class="container"
  >
    <div
      class="adm-divider adm-divider-vertical adm-divider-center divider"
    />
    <div
      class="object-panel-item"
      id="auto-fit"
    >
      <div
        class="main"
      >
        <svgr-url />
      </div>
      <div
        class="label"
      >
        auto_fit (Beta)
      </div>
    </div>
    <div
      class="object-panel-item"
      id="convert_to_path"
    >
      <div
        class="main"
      >
        <svgr-url />
      </div>
      <div
        class="label"
      >
        outline
      </div>
    </div>
    <div
      class="object-panel-item"
      id="smart-nest"
    >
      <div
        class="main"
      >
        <svgr-url />
      </div>
      <div
        class="label"
      >
        smart_nest
      </div>
    </div>
    <div
      class="object-panel-item"
      id="offset"
    >
      <div
        class="main"
      >
        <svgr-url />
      </div>
      <div
        class="label"
      >
        offset
      </div>
    </div>
    <div
      class="object-panel-item"
      id="array"
    >
      <div
        class="main"
      >
        <svgr-url />
      </div>
      <div
        class="label"
      >
        array
      </div>
    </div>
  </div>
</div>
`;

exports[`should render correctly in mobile no elements 1`] = `
<div>
  <div
    class="container"
  >
    <div
      class="adm-divider adm-divider-vertical adm-divider-center divider"
    />
  </div>
</div>
`;

exports[`should render correctly in mobile path 1`] = `
<div>
  <div
    class="container"
  >
    <div
      class="adm-divider adm-divider-vertical adm-divider-center divider"
    />
    <div
      class="object-panel-item"
      id="auto-fit"
    >
      <div
        class="main"
      >
        <svgr-url />
      </div>
      <div
        class="label"
      >
        auto_fit (Beta)
      </div>
    </div>
    <div
      class="object-panel-item"
      id="edit_path"
    >
      <div
        class="main"
      >
        <svgr-url />
      </div>
      <div
        class="label"
      >
        edit_path
      </div>
    </div>
    <div
      class="object-panel-item"
      id="decompose_path"
    >
      <div
        class="main"
      >
        <svgr-url />
      </div>
      <div
        class="label"
      >
        decompose_path
      </div>
    </div>
    <div
      class="object-panel-item"
      id="smart-nest"
    >
      <div
        class="main"
      >
        <svgr-url />
      </div>
      <div
        class="label"
      >
        smart_nest
      </div>
    </div>
    <div
      class="object-panel-item"
      id="offset"
    >
      <div
        class="main"
      >
        <svgr-url />
      </div>
      <div
        class="label"
      >
        offset
      </div>
    </div>
    <div
      class="object-panel-item"
      id="array"
    >
      <div
        class="main"
      >
        <svgr-url />
      </div>
      <div
        class="label"
      >
        array
      </div>
    </div>
    <div
      class="object-panel-item"
      id="simplify"
    >
      <div
        class="main"
      >
        <svgr-url />
      </div>
      <div
        class="label"
      >
        simplify
      </div>
    </div>
  </div>
</div>
`;

exports[`should render correctly in mobile polygon 1`] = `
<div>
  <div
    class="container"
  >
    <div
      class="adm-divider adm-divider-vertical adm-divider-center divider"
    />
    <div
      class="object-panel-item"
      id="auto-fit"
    >
      <div
        class="main"
      >
        <svgr-url />
      </div>
      <div
        class="label"
      >
        auto_fit (Beta)
      </div>
    </div>
    <div
      class="object-panel-item"
      id="convert_to_path"
    >
      <div
        class="main"
      >
        <svgr-url />
      </div>
      <div
        class="label"
      >
        outline
      </div>
    </div>
    <div
      class="object-panel-item"
      id="smart-nest"
    >
      <div
        class="main"
      >
        <svgr-url />
      </div>
      <div
        class="label"
      >
        smart_nest
      </div>
    </div>
    <div
      class="object-panel-item"
      id="offset"
    >
      <div
        class="main"
      >
        <svgr-url />
      </div>
      <div
        class="label"
      >
        offset
      </div>
    </div>
    <div
      class="object-panel-item"
      id="array"
    >
      <div
        class="main"
      >
        <svgr-url />
      </div>
      <div
        class="label"
      >
        array
      </div>
    </div>
  </div>
</div>
`;

exports[`should render correctly in mobile rect 1`] = `
<div>
  <div
    class="container"
  >
    <div
      class="adm-divider adm-divider-vertical adm-divider-center divider"
    />
    <div
      class="object-panel-item"
      id="auto-fit"
    >
      <div
        class="main"
      >
        <svgr-url />
      </div>
      <div
        class="label"
      >
        auto_fit (Beta)
      </div>
    </div>
    <div
      class="object-panel-item"
      id="convert_to_path"
    >
      <div
        class="main"
      >
        <svgr-url />
      </div>
      <div
        class="label"
      >
        outline
      </div>
    </div>
    <div
      class="object-panel-item"
      id="smart-nest"
    >
      <div
        class="main"
      >
        <svgr-url />
      </div>
      <div
        class="label"
      >
        smart_nest
      </div>
    </div>
    <div
      class="object-panel-item"
      id="offset"
    >
      <div
        class="main"
      >
        <svgr-url />
      </div>
      <div
        class="label"
      >
        offset
      </div>
    </div>
    <div
      class="object-panel-item"
      id="array"
    >
      <div
        class="main"
      >
        <svgr-url />
      </div>
      <div
        class="label"
      >
        array
      </div>
    </div>
  </div>
</div>
`;

exports[`should render correctly in mobile text 1`] = `
<div>
  <div
    class="container"
  >
    <div
      class="adm-divider adm-divider-vertical adm-divider-center divider"
    />
    <div
      class="object-panel-item"
      id="auto-fit"
    >
      <div
        class="main"
      >
        <svgr-url />
      </div>
      <div
        class="label"
      >
        auto_fit (Beta)
      </div>
    </div>
    <div
      class="object-panel-item"
      id="convert_to_path"
    >
      <div
        class="main"
      >
        <svgr-url />
      </div>
      <div
        class="label"
      >
        outline
      </div>
    </div>
    <div
      class="object-panel-item"
      id="weld"
    >
      <div
        class="main"
      >
        <svgr-url />
      </div>
      <div
        class="label"
      >
        weld_text
      </div>
    </div>
    <div
      class="object-panel-item"
      id="smart-nest"
    >
      <div
        class="main"
      >
        <svgr-url />
      </div>
      <div
        class="label"
      >
        smart_nest
      </div>
    </div>
    <div
      class="object-panel-item"
      id="array"
    >
      <div
        class="main"
      >
        <svgr-url />
      </div>
      <div
        class="label"
      >
        array
      </div>
    </div>
  </div>
</div>
`;

exports[`should render correctly in mobile use 1`] = `
<div>
  <div
    class="container"
  >
    <div
      class="adm-divider adm-divider-vertical adm-divider-center divider"
    />
    <div
      class="object-panel-item"
      id="auto-fit"
    >
      <div
        class="main"
      >
        <svgr-url />
      </div>
      <div
        class="label"
      >
        auto_fit (Beta)
      </div>
    </div>
    <div
      class="object-panel-item"
      id="disassemble_use"
    >
      <div
        class="main"
      >
        <svgr-url />
      </div>
      <div
        class="label"
      >
        disassemble_use
      </div>
    </div>
    <div
      class="object-panel-item"
      id="smart-nest"
    >
      <div
        class="main"
      >
        <svgr-url />
      </div>
      <div
        class="label"
      >
        smart_nest
      </div>
    </div>
    <div
      class="object-panel-item"
      id="array"
    >
      <div
        class="main"
      >
        <svgr-url />
      </div>
      <div
        class="label"
      >
        array
      </div>
    </div>
  </div>
</div>
`;

exports[`should render correctly line 1`] = `
<div>
  <div
    class="panel"
  >
    <div
      class="title"
    >
      ACTIONS
    </div>
    <div
      class="btns-container"
    >
      <div
        class="btn-container"
      >
        <button
          class="ant-btn css-dev-only-do-not-override-hash ant-btn-default ant-btn-color-default ant-btn-variant-outlined ant-btn-block btn"
          id="auto-fit"
          type="button"
        >
          <span
            class="ant-btn-icon"
          >
            <svgr-url />
          </span>
          <span
            class="label"
          >
            auto_fit (Beta)
          </span>
        </button>
      </div>
      <div
        class="btn-container"
      >
        <button
          class="ant-btn css-dev-only-do-not-override-hash ant-btn-default ant-btn-color-default ant-btn-variant-outlined ant-btn-block btn"
          id="convert_to_path"
          type="button"
        >
          <span
            class="ant-btn-icon"
          >
            <svgr-url />
          </span>
          <span
            class="label"
          >
            convert_to_path
          </span>
        </button>
      </div>
      <div
        class="btn-container"
      >
        <button
          class="ant-btn css-dev-only-do-not-override-hash ant-btn-default ant-btn-color-default ant-btn-variant-outlined ant-btn-block btn"
          id="smart-nest"
          type="button"
        >
          <span
            class="ant-btn-icon"
          >
            <svgr-url />
          </span>
          <span
            class="label"
          >
            smart_nest
          </span>
        </button>
      </div>
      <div
        class="btn-container half"
      >
        <button
          class="ant-btn css-dev-only-do-not-override-hash ant-btn-default ant-btn-color-default ant-btn-variant-outlined ant-btn-block btn"
          id="offset"
          type="button"
        >
          <span
            class="ant-btn-icon"
          >
            <svgr-url />
          </span>
          <span
            class="label"
          >
            offset
          </span>
        </button>
      </div>
      <div
        class="btn-container half"
      >
        <button
          class="ant-btn css-dev-only-do-not-override-hash ant-btn-default ant-btn-color-default ant-btn-variant-outlined ant-btn-block btn"
          id="array"
          type="button"
        >
          <span
            class="ant-btn-icon"
          >
            <svgr-url />
          </span>
          <span
            class="label"
          >
            array
          </span>
        </button>
      </div>
    </div>
  </div>
</div>
`;

exports[`should render correctly no elements 1`] = `
<div>
  <div
    class="panel"
  >
    <div
      class="title"
    >
      ACTIONS
    </div>
    <div
      class="btns-container"
    />
  </div>
</div>
`;

exports[`should render correctly path 1`] = `
<div>
  <div
    class="panel"
  >
    <div
      class="title"
    >
      ACTIONS
    </div>
    <div
      class="btns-container"
    >
      <div
        class="btn-container"
      >
        <button
          class="ant-btn css-dev-only-do-not-override-hash ant-btn-default ant-btn-color-default ant-btn-variant-outlined ant-btn-block btn"
          id="auto-fit"
          type="button"
        >
          <span
            class="ant-btn-icon"
          >
            <svgr-url />
          </span>
          <span
            class="label"
          >
            auto_fit (Beta)
          </span>
        </button>
      </div>
      <div
        class="btn-container"
      >
        <button
          class="ant-btn css-dev-only-do-not-override-hash ant-btn-default ant-btn-color-default ant-btn-variant-outlined ant-btn-block btn"
          id="edit_path"
          type="button"
        >
          <span
            class="ant-btn-icon"
          >
            <svgr-url />
          </span>
          <span
            class="label"
          >
            edit_path
          </span>
        </button>
      </div>
      <div
        class="btn-container"
      >
        <button
          class="ant-btn css-dev-only-do-not-override-hash ant-btn-default ant-btn-color-default ant-btn-variant-outlined ant-btn-block btn"
          id="decompose_path"
          type="button"
        >
          <span
            class="ant-btn-icon"
          >
            <svgr-url />
          </span>
          <span
            class="label"
          >
            decompose_path
          </span>
        </button>
      </div>
      <div
        class="btn-container"
      >
        <button
          class="ant-btn css-dev-only-do-not-override-hash ant-btn-default ant-btn-color-default ant-btn-variant-outlined ant-btn-block btn"
          id="smart-nest"
          type="button"
        >
          <span
            class="ant-btn-icon"
          >
            <svgr-url />
          </span>
          <span
            class="label"
          >
            smart_nest
          </span>
        </button>
      </div>
      <div
        class="btn-container half"
      >
        <button
          class="ant-btn css-dev-only-do-not-override-hash ant-btn-default ant-btn-color-default ant-btn-variant-outlined ant-btn-block btn"
          id="offset"
          type="button"
        >
          <span
            class="ant-btn-icon"
          >
            <svgr-url />
          </span>
          <span
            class="label"
          >
            offset
          </span>
        </button>
      </div>
      <div
        class="btn-container half"
      >
        <button
          class="ant-btn css-dev-only-do-not-override-hash ant-btn-default ant-btn-color-default ant-btn-variant-outlined ant-btn-block btn"
          id="array"
          type="button"
        >
          <span
            class="ant-btn-icon"
          >
            <svgr-url />
          </span>
          <span
            class="label"
          >
            array
          </span>
        </button>
      </div>
      <div
        class="btn-container"
      >
        <button
          class="ant-btn css-dev-only-do-not-override-hash ant-btn-default ant-btn-color-default ant-btn-variant-outlined ant-btn-block btn"
          id="simplify"
          type="button"
        >
          <span
            class="ant-btn-icon"
          >
            <svgr-url />
          </span>
          <span
            class="label"
          >
            simplify
          </span>
        </button>
      </div>
    </div>
  </div>
</div>
`;

exports[`should render correctly polygon 1`] = `
<div>
  <div
    class="panel"
  >
    <div
      class="title"
    >
      ACTIONS
    </div>
    <div
      class="btns-container"
    >
      <div
        class="btn-container"
      >
        <button
          class="ant-btn css-dev-only-do-not-override-hash ant-btn-default ant-btn-color-default ant-btn-variant-outlined ant-btn-block btn"
          id="auto-fit"
          type="button"
        >
          <span
            class="ant-btn-icon"
          >
            <svgr-url />
          </span>
          <span
            class="label"
          >
            auto_fit (Beta)
          </span>
        </button>
      </div>
      <div
        class="btn-container"
      >
        <button
          class="ant-btn css-dev-only-do-not-override-hash ant-btn-default ant-btn-color-default ant-btn-variant-outlined ant-btn-block btn"
          id="convert_to_path"
          type="button"
        >
          <span
            class="ant-btn-icon"
          >
            <svgr-url />
          </span>
          <span
            class="label"
          >
            convert_to_path
          </span>
        </button>
      </div>
      <div
        class="btn-container"
      >
        <button
          class="ant-btn css-dev-only-do-not-override-hash ant-btn-default ant-btn-color-default ant-btn-variant-outlined ant-btn-block btn"
          id="smart-nest"
          type="button"
        >
          <span
            class="ant-btn-icon"
          >
            <svgr-url />
          </span>
          <span
            class="label"
          >
            smart_nest
          </span>
        </button>
      </div>
      <div
        class="btn-container half"
      >
        <button
          class="ant-btn css-dev-only-do-not-override-hash ant-btn-default ant-btn-color-default ant-btn-variant-outlined ant-btn-block btn"
          id="offset"
          type="button"
        >
          <span
            class="ant-btn-icon"
          >
            <svgr-url />
          </span>
          <span
            class="label"
          >
            offset
          </span>
        </button>
      </div>
      <div
        class="btn-container half"
      >
        <button
          class="ant-btn css-dev-only-do-not-override-hash ant-btn-default ant-btn-color-default ant-btn-variant-outlined ant-btn-block btn"
          id="array"
          type="button"
        >
          <span
            class="ant-btn-icon"
          >
            <svgr-url />
          </span>
          <span
            class="label"
          >
            array
          </span>
        </button>
      </div>
    </div>
  </div>
</div>
`;

exports[`should render correctly rect 1`] = `
<div>
  <div
    class="panel"
  >
    <div
      class="title"
    >
      ACTIONS
    </div>
    <div
      class="btns-container"
    >
      <div
        class="btn-container"
      >
        <button
          class="ant-btn css-dev-only-do-not-override-hash ant-btn-default ant-btn-color-default ant-btn-variant-outlined ant-btn-block btn"
          id="auto-fit"
          type="button"
        >
          <span
            class="ant-btn-icon"
          >
            <svgr-url />
          </span>
          <span
            class="label"
          >
            auto_fit (Beta)
          </span>
        </button>
      </div>
      <div
        class="btn-container"
      >
        <button
          class="ant-btn css-dev-only-do-not-override-hash ant-btn-default ant-btn-color-default ant-btn-variant-outlined ant-btn-block btn"
          id="convert_to_path"
          type="button"
        >
          <span
            class="ant-btn-icon"
          >
            <svgr-url />
          </span>
          <span
            class="label"
          >
            convert_to_path
          </span>
        </button>
      </div>
      <div
        class="btn-container"
      >
        <button
          class="ant-btn css-dev-only-do-not-override-hash ant-btn-default ant-btn-color-default ant-btn-variant-outlined ant-btn-block btn"
          id="smart-nest"
          type="button"
        >
          <span
            class="ant-btn-icon"
          >
            <svgr-url />
          </span>
          <span
            class="label"
          >
            smart_nest
          </span>
        </button>
      </div>
      <div
        class="btn-container half"
      >
        <button
          class="ant-btn css-dev-only-do-not-override-hash ant-btn-default ant-btn-color-default ant-btn-variant-outlined ant-btn-block btn"
          id="offset"
          type="button"
        >
          <span
            class="ant-btn-icon"
          >
            <svgr-url />
          </span>
          <span
            class="label"
          >
            offset
          </span>
        </button>
      </div>
      <div
        class="btn-container half"
      >
        <button
          class="ant-btn css-dev-only-do-not-override-hash ant-btn-default ant-btn-color-default ant-btn-variant-outlined ant-btn-block btn"
          id="array"
          type="button"
        >
          <span
            class="ant-btn-icon"
          >
            <svgr-url />
          </span>
          <span
            class="label"
          >
            array
          </span>
        </button>
      </div>
    </div>
  </div>
</div>
`;

exports[`should render correctly text 1`] = `
<div>
  <div
    class="panel"
  >
    <div
      class="title"
    >
      ACTIONS
    </div>
    <div
      class="btns-container"
    >
      <div
        class="btn-container"
      >
        <button
          class="ant-btn css-dev-only-do-not-override-hash ant-btn-default ant-btn-color-default ant-btn-variant-outlined ant-btn-block btn"
          id="auto-fit"
          type="button"
        >
          <span
            class="ant-btn-icon"
          >
            <svgr-url />
          </span>
          <span
            class="label"
          >
            auto_fit (Beta)
          </span>
        </button>
      </div>
      <div
        class="btn-container"
      >
        <button
          class="ant-btn css-dev-only-do-not-override-hash ant-btn-default ant-btn-color-default ant-btn-variant-outlined ant-btn-block btn"
          id="convert_to_path"
          type="button"
        >
          <span
            class="ant-btn-icon"
          >
            <svgr-url />
          </span>
          <span
            class="label"
          >
            convert_to_path
          </span>
        </button>
      </div>
      <div
        class="btn-container"
      >
        <button
          class="ant-btn css-dev-only-do-not-override-hash ant-btn-default ant-btn-color-default ant-btn-variant-outlined ant-btn-block btn"
          id="weld"
          type="button"
        >
          <span
            class="ant-btn-icon"
          >
            <svgr-url />
          </span>
          <span
            class="label"
          >
            weld_text
          </span>
        </button>
      </div>
      <div
        class="btn-container"
      >
        <button
          class="ant-btn css-dev-only-do-not-override-hash ant-btn-default ant-btn-color-default ant-btn-variant-outlined ant-btn-block btn"
          id="smart-nest"
          type="button"
        >
          <span
            class="ant-btn-icon"
          >
            <svgr-url />
          </span>
          <span
            class="label"
          >
            smart_nest
          </span>
        </button>
      </div>
      <div
        class="btn-container"
      >
        <button
          class="ant-btn css-dev-only-do-not-override-hash ant-btn-default ant-btn-color-default ant-btn-variant-outlined ant-btn-block btn"
          id="array"
          type="button"
        >
          <span
            class="ant-btn-icon"
          >
            <svgr-url />
          </span>
          <span
            class="label"
          >
            array
          </span>
        </button>
      </div>
    </div>
  </div>
</div>
`;

exports[`should render correctly use 1`] = `
<div>
  <div
    class="panel"
  >
    <div
      class="title"
    >
      ACTIONS
    </div>
    <div
      class="btns-container"
    >
      <div
        class="btn-container"
      >
        <button
          class="ant-btn css-dev-only-do-not-override-hash ant-btn-default ant-btn-color-default ant-btn-variant-outlined ant-btn-block btn"
          id="auto-fit"
          type="button"
        >
          <span
            class="ant-btn-icon"
          >
            <svgr-url />
          </span>
          <span
            class="label"
          >
            auto_fit (Beta)
          </span>
        </button>
      </div>
      <div
        class="btn-container"
      >
        <button
          class="ant-btn css-dev-only-do-not-override-hash ant-btn-default ant-btn-color-default ant-btn-variant-outlined ant-btn-block btn"
          id="disassemble_use"
          type="button"
        >
          <span
            class="ant-btn-icon"
          >
            <svgr-url />
          </span>
          <span
            class="label"
          >
            disassemble_use
          </span>
        </button>
      </div>
      <div
        class="btn-container"
      >
        <button
          class="ant-btn css-dev-only-do-not-override-hash ant-btn-default ant-btn-color-default ant-btn-variant-outlined ant-btn-block btn"
          id="smart-nest"
          type="button"
        >
          <span
            class="ant-btn-icon"
          >
            <svgr-url />
          </span>
          <span
            class="label"
          >
            smart_nest
          </span>
        </button>
      </div>
      <div
        class="btn-container"
      >
        <button
          class="ant-btn css-dev-only-do-not-override-hash ant-btn-default ant-btn-color-default ant-btn-variant-outlined ant-btn-block btn"
          id="array"
          type="button"
        >
          <span
            class="ant-btn-icon"
          >
            <svgr-url />
          </span>
          <span
            class="label"
          >
            array
          </span>
        </button>
      </div>
    </div>
  </div>
</div>
`;
