// Jest Snapshot v1, https://goo.gl/fbAQLP

exports[`test PresetsList should render correctly 1`] = `
<div>
  <div>
    <br />
    <strong>
      preset1
    </strong>
  </div>
  <div
    class="container"
  >
    <div
      class="ant-col ant-col-11 css-dev-only-do-not-override-hash"
    >
      <div
        class="control"
      >
        <span
          class="label"
        >
          power
        </span>
        <div>
          Dummy Unit Input min: 
          1
          max: 
          100
          unit: 
          %
          defaultValue: 
          5
          decimal: 
          1
          step: 
          1
          <button
            type="button"
          >
            laser-power
          </button>
        </div>
      </div>
      <div
        class="control"
      >
        <span
          class="label"
        >
          laser_speed
        </span>
        <div>
          Dummy Unit Input min: 
          3
          max: 
          300
          unit: 
          mm/s
          defaultValue: 
          5
          decimal: 
          1
          step: 
          1
          <button
            type="button"
          >
            laser-speed
          </button>
        </div>
      </div>
    </div>
    <div
      class="ant-col ant-col-11 css-dev-only-do-not-override-hash"
    >
      <div
        class="control"
      >
        <span
          class="label"
        >
          repeat
        </span>
        <div>
          Dummy Unit Input min: 
          1
          max: 
          100
          unit: 
          defaultValue: 
          5
          decimal: 
          0
          step: 
          1
          <button
            type="button"
          >
            laser-repeat
          </button>
        </div>
      </div>
      <div
        class="control"
      >
        <span
          class="label"
        >
          z_step
        </span>
        <div>
          Dummy Unit Input min: 
          0
          max: 
          20
          unit: 
          mm
          defaultValue: 
          5
          decimal: 
          2
          step: 
          0.5
          <button
            type="button"
          >
            laser-z-step
          </button>
        </div>
      </div>
    </div>
  </div>
</div>
`;
