// Jest Snapshot v1, https://goo.gl/fbAQLP

exports[`test VerticalAlignBlock should render correctly 1`] = `
<div
  className="option-block"
>
  <div
    className="label"
  >
    Vertical Align
  </div>
  <div
    className="select-container"
  >
    <select
      onChange={[Function]}
      value={0}
    >
      <option
        key="0"
        value={0}
      >
        Bottom Align
      </option>
      <option
        key="1"
        value={1}
      >
        Middle Align
      </option>
      <option
        key="2"
        value={2}
      >
        Top Align
      </option>
    </select>
  </div>
</div>
`;

exports[`test VerticalAlignBlock should render correctly 2`] = `
<div
  className="option-block"
>
  <div
    className="label"
  >
    Vertical Align
  </div>
  <div
    className="select-container"
  >
    <select
      onChange={[Function]}
      value={0}
    >
      <option
        key="0"
        value={0}
      >
        Bottom Align
      </option>
      <option
        key="1"
        value={1}
      >
        Middle Align
      </option>
      <option
        key="2"
        value={2}
      >
        Top Align
      </option>
    </select>
  </div>
</div>
`;

exports[`test VerticalAlignBlock should render correctly 3`] = `
<div
  className="option-block"
>
  <div
    className="label"
  >
    Vertical Align
  </div>
  <div
    className="select-container"
  >
    <select
      onChange={[Function]}
      value={0}
    >
      <option
        key="0"
        value={0}
      >
        Bottom Align
      </option>
      <option
        key="1"
        value={1}
      >
        Middle Align
      </option>
      <option
        key="2"
        value={2}
      >
        Top Align
      </option>
    </select>
  </div>
</div>
`;

exports[`test VerticalAlignBlock should render correctly in mobile 1`] = `
<ObjectPanelSelect
  id="vertical_align"
  label="Vertical Align"
  onChange={[MockFunction]}
  options={
    [
      {
        "label": "Bottom Align",
        "value": 0,
      },
      {
        "label": "Middle Align",
        "value": 1,
      },
      {
        "label": "Top Align",
        "value": 2,
      },
    ]
  }
  selected={
    {
      "label": "Bottom Align",
      "value": 0,
    }
  }
/>
`;
