// Jest Snapshot v1, https://goo.gl/fbAQLP

exports[`test LeftPanel in path previewing 1`] = `
<div>
  <div
    class="left-toolbar hidden-mobile"
  >
    <div
      class="tool-btn"
      id="Exit-Preview"
      title="End Preview"
    >
      <img
        draggable="false"
        src="img/left-bar/icon-back.svg"
      />
    </div>
  </div>
</div>
`;

exports[`test LeftPanel neither in previewing nor in path previewing 1`] = `
<div>
  <div>
    This is dummy DrawingToolButtonGroup
  </div>
</div>
`;

exports[`test LeftPanel not in path previewing 1`] = `
<div>
  <div>
    This is dummy PreviewToolButtonGroup
    <button
      type="button"
    >
      endPreviewMode
    </button>
    <button
      type="button"
    >
      setShouldStartPreviewController
    </button>
  </div>
</div>
`;
