// Jest Snapshot v1, https://goo.gl/fbAQLP

exports[`should render correctly 1`] = `
<ColorPickerPanel
  left={300}
  onClose={[MockFunction]}
  onNewColor={[MockFunction]}
  originalColor="#000000"
  top={100}
>
  <div
    className="color-picker-panel"
    style={
      Object {
        "left": 100,
        "top": 100,
      }
    }
  >
    <div
      className="modal-background"
      onClick={[MockFunction]}
    />
    <div
      className="pickr"
    />
    <div
      className="footer"
    >
      <Button
        onClick={[MockFunction]}
      >
        <button
          onClick={[MockFunction]}
          type="button"
        >
          Cancel
        </button>
      </Button>
      <Button
        onClick={[Function]}
        type="primary"
      >
        <button
          className="primary"
          onClick={[Function]}
          type="button"
        >
          Okay
        </button>
      </Button>
    </div>
  </div>
</ColorPickerPanel>
`;
