// Jest Snapshot v1, https://goo.gl/fbAQLP

exports[`should render correctly 1`] = `
<div>
  <div
    class="color-picker-panel"
    style="top: 100px; left: 100px;"
  >
    <div
      class="modal-background"
    />
    <div
      class="pickr"
    />
    <div
      class="footer"
    >
      <button
        class="ant-btn css-dev-only-do-not-override-ixblex ant-btn-default"
        type="button"
      >
        <span>
          Cancel
        </span>
      </button>
      <button
        class="ant-btn css-dev-only-do-not-override-ixblex ant-btn-primary"
        type="button"
      >
        <span>
          Okay
        </span>
      </button>
    </div>
  </div>
</div>
`;
